// Jest Snapshot v1, https://goo.gl/fbAQLP

exports[`Register component matches the snapshot 1`] = `
<DocumentFragment>
  <div
    class="auth-container"
  >
    <div
      class="auth-form"
    >
      <h1>
        Register
      </h1>
      <form
        name="registration_form"
      >
        <input
          class="auth-input"
          placeholder="Enter your email"
          required=""
          type="email"
          value=""
        />
        <input
          class="auth-input"
          placeholder="Enter your password"
          required=""
          type="password"
          value=""
        />
        <input
          class="auth-input"
          placeholder="Confirm password"
          required=""
          type="password"
          value=""
        />
        <button
          class="auth-button"
          type="submit"
        >
          Register
        </button>
      </form>
      <span>
        Already have an account?
        <a
          href="/login"
        >
          Login
        </a>
      </span>
    </div>
  </div>
</DocumentFragment>
`;
