// Jest Snapshot v1, https://goo.gl/fbAQLP

exports[`SearchCard renders correctly 1`] = `
<DocumentFragment>
  <div
    class="search-card"
  >
    <div
      class="poster-card"
    >
       
      <img
        alt="Guardians of the Galaxy Movie poster"
        class="poster-img"
        src="https://image.tmdb.org/t/p/original/https://image.tmdb.org/t/p/w92//r2J02Z2OpNTctfOSN1Ydgii51I3.jpg"
      />
    </div>
    <div
      class="title-card"
    >
      Guardians of the Galaxy
    </div>
    <div
      class="overview-card"
    >
      Peter Quill, still reeling from the loss of Gamora
    </div>
    <div
      class="more-details"
    >
      <a
        class="more-details-link"
        href="/"
      >
        More Details
        <svg
          aria-hidden="true"
          class="svg-inline--fa fa-circle-info icon"
          data-icon="circle-info"
          data-prefix="fas"
          focusable="false"
          role="img"
          viewBox="0 0 512 512"
          xmlns="http://www.w3.org/2000/svg"
        >
          <path
            d="M256 512A256 256 0 1 0 256 0a256 256 0 1 0 0 512zM216 336h24V272H216c-13.3 0-24-10.7-24-24s10.7-24 24-24h48c13.3 0 24 10.7 24 24v88h8c13.3 0 24 10.7 24 24s-10.7 24-24 24H216c-13.3 0-24-10.7-24-24s10.7-24 24-24zm40-208a32 32 0 1 1 0 64 32 32 0 1 1 0-64z"
            fill="currentColor"
          />
        </svg>
      </a>
    </div>
  </div>
</DocumentFragment>
`;
