// Jest Snapshot v1, https://goo.gl/fbAQLP

exports[`VerifyEmail matches the snapshot 1`] = `
<DocumentFragment>
  <div
    class="center"
  >
    <div
      class="verify-email"
    >
      <h1>
        Verify your Email Address
      </h1>
      <p>
        <strong>
          A Verification email has been sent to:
        </strong>
        <br />
        <span />
      </p>
      <span>
        Follow the instruction in the email to verify your account
      </span>
      <button
        type="button"
      >
        Resend Email
      </button>
    </div>
  </div>
</DocumentFragment>
`;
